// Jest Snapshot v1, https://goo.gl/fbAQLP

exports[`model instanciate 1`] = `
ClassDecoratorExample {
  "age": 16,
  "name": undefined,
  "point": false,
}
`;

exports[`static decorator static 1`] = `
Object {
  "$schema": "http://json-schema.org/schema#",
  "description": "teste",
  "id": "ClassDecoratorExample",
  "properties": Object {
    "age": Object {
      "default": 16,
      "type": "number",
    },
    "ages": Object {
      "maximum": 23,
      "type": "number",
    },
    "date": Object {
      "format": "date",
      "type": "string",
    },
    "list": Object {
      "type": "array",
    },
    "name": Object {
      "default": "fghkkk",
      "title": "Name",
      "type": "string",
    },
    "newAge": Object {
      "default": 27,
      "type": "number",
    },
  },
  "required": Array [
    "name",
  ],
  "title": "ClassDecoratorExample",
  "type": "object",
}
`;
